11-07 18:16:12.046 31821 31844 I TestRunner: started: testFavoriteButtonToggle(com.lbg.project.view.CatFullScreenKtTest)
11-07 18:16:12.050 31821 31844 D IdlingRegistry: Registering idling resources: [androidx.compose.ui.test.junit4.EspressoLink@e90545f]
11-07 18:16:12.060 31821 31844 W Settings: Setting always_finish_activities has moved from android.provider.Settings.System to android.provider.Settings.Global, returning read-only value.
11-07 18:16:12.081   880   933 W Choreographer: Frame time is 5.047943 ms in the future!  Check that graphics HAL is generating vsync timestamps using the correct timebase.
11-07 18:16:12.087   423   423 I BpBinder: onLastStrongRef automatically unlinking death recipients:
11-07 18:16:12.100 31821 31821 D LifecycleMonitor: Lifecycle status change: androidx.activity.ComponentActivity@a0bbaf3 in: PRE_ON_CREATE
11-07 18:16:12.101 31821 31821 V ActivityScenario: Activity lifecycle changed event received but ignored because the reported transition was not ON_CREATE while the last known transition was PRE_ON_CREATE
11-07 18:16:12.111 31821 31821 D LifecycleMonitor: Lifecycle status change: androidx.activity.ComponentActivity@a0bbaf3 in: CREATED
11-07 18:16:12.112   880   959 E OpenGLRenderer: Unable to match the desired swap behavior.
11-07 18:16:12.112 31821 31821 V ActivityScenario: Update currentActivityStage to CREATED, currentActivity=androidx.activity.ComponentActivity@a0bbaf3
11-07 18:16:12.113 31821 31821 D LifecycleMonitor: Lifecycle status change: androidx.activity.ComponentActivity@a0bbaf3 in: STARTED
11-07 18:16:12.114 31821 31821 V ActivityScenario: Update currentActivityStage to STARTED, currentActivity=androidx.activity.ComponentActivity@a0bbaf3
11-07 18:16:12.115 31821 31821 D LifecycleMonitor: Lifecycle status change: androidx.activity.ComponentActivity@a0bbaf3 in: RESUMED
11-07 18:16:12.115 31821 31821 V ActivityScenario: Update currentActivityStage to RESUMED, currentActivity=androidx.activity.ComponentActivity@a0bbaf3
11-07 18:16:12.145   880   880 W Choreographer: Frame time is 7.714604 ms in the future!  Check that graphics HAL is generating vsync timestamps using the correct timebase.
11-07 18:16:12.145 31821 31846 E OpenGLRenderer: Unable to match the desired swap behavior.
11-07 18:16:12.165   880   959 D EGL_emulation: app_time_stats: avg=449.93ms min=2.15ms max=6221.91ms count=14
11-07 18:16:12.165   880   880 W Choreographer: Frame time is 4.381269 ms in the future!  Check that graphics HAL is generating vsync timestamps using the correct timebase.
11-07 18:16:12.165   880   880 W Choreographer: Frame time is 21.047935 ms in the future!  Check that graphics HAL is generating vsync timestamps using the correct timebase.
11-07 18:16:12.185   880   880 W Choreographer: Frame time is 17.7146 ms in the future!  Check that graphics HAL is generating vsync timestamps using the correct timebase.
11-07 18:16:12.209   529   546 W ziparchive: Unable to open '/data/app/~~LUTihgrmWuZy8ezWVNpXFw==/com.lbg.project-GvbjCK2MrLAxHX3V0W2sDw==/base.dm': No such file or directory
11-07 18:16:12.211   529   546 I ActivityTaskManager: Displayed com.lbg.project/androidx.activity.ComponentActivity for user 0: +138ms
11-07 18:16:12.205   880   880 W Choreographer: Frame time is 14.381266 ms in the future!  Check that graphics HAL is generating vsync timestamps using the correct timebase.
11-07 18:16:12.225   880   880 W Choreographer: Frame time is 11.047931 ms in the future!  Check that graphics HAL is generating vsync timestamps using the correct timebase.
11-07 18:16:12.245   880   880 W Choreographer: Frame time is 7.714596 ms in the future!  Check that graphics HAL is generating vsync timestamps using the correct timebase.
11-07 18:16:12.313 16649 16649 W Choreographer: Frame time is 6.381257 ms in the future!  Check that graphics HAL is generating vsync timestamps using the correct timebase.
11-07 18:16:12.335  2940  2940 I GsaVoiceInteractionSrv: Handling ACTION_START_HOTWORD
11-07 18:16:12.335  2940  3354 I GsaVoiceInteractionSrv: disregardVoiceMatch: false
11-07 18:16:12.335  2940  3354 I GsaVoiceInteractionSrv: Cannot start hotword, hotword has been explicitly disabled.
11-07 18:16:12.333 16649 16649 W Choreographer: Frame time is 3.047922 ms in the future!  Check that graphics HAL is generating vsync timestamps using the correct timebase.
11-07 18:16:12.347 16649 16792 E OpenGLRenderer: Unable to match the desired swap behavior.
11-07 18:16:12.377 16649 16649 W A       : Can't get WAA status for Mavatar!
11-07 18:16:12.377 16649 16649 W A       : java.lang.NullPointerException: Attempt to invoke virtual method 'java.lang.Class java.lang.Object.getClass()' on a null object reference
11-07 18:16:12.377 16649 16649 W A       : 	at com.google.apps.tiktok.dataservice.z.b(PG:1)
11-07 18:16:12.377 16649 16649 W A       : 	at com.google.apps.tiktok.dataservice.at.a(PG:1)
11-07 18:16:12.377 16649 16649 W A       : 	at com.google.apps.tiktok.tracing.ec.a(PG:2)
11-07 18:16:12.377 16649 16649 W A       : 	at com.google.common.util.concurrent.aj.a(PG:2)
11-07 18:16:12.377 16649 16649 W A       : 	at com.google.common.util.concurrent.ac.apply(PG:1)
11-07 18:16:12.377 16649 16649 W A       : 	at com.google.common.util.concurrent.h.e(PG:2)
11-07 18:16:12.377 16649 16649 W A       : 	at com.google.common.util.concurrent.j.run(PG:9)
11-07 18:16:12.377 16649 16649 W A       : 	at com.google.common.util.concurrent.bf.execute(PG:1)
11-07 18:16:12.377 16649 16649 W A       : 	at com.google.common.util.concurrent.d.i(PG:1)
11-07 18:16:12.377 16649 16649 W A       : 	at com.google.common.util.concurrent.d.l(PG:12)
11-07 18:16:12.377 16649 16649 W A       : 	at com.google.common.util.concurrent.d.n(PG:2)
11-07 18:16:12.377 16649 16649 W A       : 	at com.google.common.util.concurrent.i.f(PG:1)
11-07 18:16:12.377 16649 16649 W A       : 	at com.google.common.util.concurrent.j.run(PG:12)
11-07 18:16:12.377 16649 16649 W A       : 	at com.google.android.libraries.i.ae.run(PG:1)
11-07 18:16:12.377 16649 16649 W A       : 	at java.util.concurrent.ThreadPoolExecutor.runWorker(ThreadPoolExecutor.java:1145)
11-07 18:16:12.377 16649 16649 W A       : 	at java.util.concurrent.ThreadPoolExecutor$Worker.run(ThreadPoolExecutor.java:644)
11-07 18:16:12.377 16649 16649 W A       : 	at com.google.android.libraries.i.k.run(PG:2)
11-07 18:16:12.377 16649 16649 W A       : 	at com.google.android.libraries.i.p.run(PG:4)
11-07 18:16:12.377 16649 16649 W A       : 	at java.lang.Thread.run(Thread.java:1012)
11-07 18:16:12.417  2940  2940 I GsaVoiceInteractionSrv: Handling ACTION_STOP_HOTWORD
11-07 18:16:12.418  2940  3289 E HwDetectorWithState: a: 3
11-07 18:16:12.495   880   933 W WindowOnBackDispatcher: sendCancelIfRunning: isInProgress=falsecallback=android.view.ViewRootImpl$$ExternalSyntheticLambda17@abd8783
11-07 18:16:12.489   529  1784 W InputManager-JNI: Input channel object 'f0a3ee4 Splash Screen com.lbg.project (client)' was disposed without first being removed with the input manager!
11-07 18:16:12.896   880   880 D StatusBarIconController: ignoring old pipeline callback because the new wifi icon is enabled
11-07 18:16:14.851   880   880 D StatusBarIconController: ignoring old pipeline callbacks, because the new mobile icons are enabled
11-07 18:16:17.221 31821 31844 W SurfaceComposerClient: Sync transaction timed out waiting for commit callback.
11-07 18:16:17.686 31821 31821 D LifecycleMonitor: Lifecycle status change: androidx.activity.ComponentActivity@a0bbaf3 in: PAUSED
11-07 18:16:17.688 31821 31821 V ActivityScenario: Update currentActivityStage to PAUSED, currentActivity=androidx.activity.ComponentActivity@a0bbaf3
11-07 18:16:17.699 31821 31821 D LifecycleMonitor: Lifecycle status change: androidx.test.core.app.InstrumentationActivityInvoker$EmptyActivity@6fcf1ff in: PRE_ON_CREATE
11-07 18:16:17.701 31821 31821 V ActivityScenario: Activity lifecycle changed event received but ignored because the intent does not match. startActivityIntent=Intent { act=android.intent.action.MAIN cat=[android.intent.category.LAUNCHER] flg=0x10008000 cmp=com.lbg.project/androidx.activity.ComponentActivity }, activity.getIntent()=Intent { act=android.intent.action.MAIN cat=[android.intent.category.LAUNCHER] flg=0x10000000 cmp=com.lbg.project/androidx.test.core.app.InstrumentationActivityInvoker$EmptyActivity }, activity=androidx.test.core.app.InstrumentationActivityInvoker$EmptyActivity@6fcf1ff
11-07 18:16:17.710 31821 31821 D LifecycleMonitor: Lifecycle status change: androidx.test.core.app.InstrumentationActivityInvoker$EmptyActivity@6fcf1ff in: CREATED
11-07 18:16:17.711 31821 31821 V ActivityScenario: Activity lifecycle changed event received but ignored because the intent does not match. startActivityIntent=Intent { act=android.intent.action.MAIN cat=[android.intent.category.LAUNCHER] flg=0x10008000 cmp=com.lbg.project/androidx.activity.ComponentActivity }, activity.getIntent()=Intent { act=android.intent.action.MAIN cat=[android.intent.category.LAUNCHER] flg=0x10000000 cmp=com.lbg.project/androidx.test.core.app.InstrumentationActivityInvoker$EmptyActivity }, activity=androidx.test.core.app.InstrumentationActivityInvoker$EmptyActivity@6fcf1ff
11-07 18:16:17.714 31821 31821 D LifecycleMonitor: Lifecycle status change: androidx.test.core.app.InstrumentationActivityInvoker$EmptyActivity@6fcf1ff in: STARTED
11-07 18:16:17.715 31821 31821 V ActivityScenario: Activity lifecycle changed event received but ignored because the intent does not match. startActivityIntent=Intent { act=android.intent.action.MAIN cat=[android.intent.category.LAUNCHER] flg=0x10008000 cmp=com.lbg.project/androidx.activity.ComponentActivity }, activity.getIntent()=Intent { act=android.intent.action.MAIN cat=[android.intent.category.LAUNCHER] flg=0x10000000 cmp=com.lbg.project/androidx.test.core.app.InstrumentationActivityInvoker$EmptyActivity }, activity=androidx.test.core.app.InstrumentationActivityInvoker$EmptyActivity@6fcf1ff
11-07 18:16:17.717 31821 31821 D LifecycleMonitor: Lifecycle status change: androidx.test.core.app.InstrumentationActivityInvoker$EmptyActivity@6fcf1ff in: RESUMED
11-07 18:16:17.718 31821 31821 V ActivityScenario: Activity lifecycle changed event received but ignored because the intent does not match. startActivityIntent=Intent { act=android.intent.action.MAIN cat=[android.intent.category.LAUNCHER] flg=0x10008000 cmp=com.lbg.project/androidx.activity.ComponentActivity }, activity.getIntent()=Intent { act=android.intent.action.MAIN cat=[android.intent.category.LAUNCHER] flg=0x10000000 cmp=com.lbg.project/androidx.test.core.app.InstrumentationActivityInvoker$EmptyActivity }, activity=androidx.test.core.app.InstrumentationActivityInvoker$EmptyActivity@6fcf1ff
11-07 18:16:17.752 31821 31846 E OpenGLRenderer: Unable to match the desired swap behavior.
11-07 18:16:17.802   529   546 I ActivityTaskManager: Displayed com.lbg.project/androidx.test.core.app.InstrumentationActivityInvoker$EmptyActivity for user 0: +120ms
11-07 18:16:17.823 31821 31821 D LifecycleMonitor: Lifecycle status change: androidx.test.core.app.InstrumentationActivityInvoker$EmptyActivity@6fcf1ff in: PAUSED
11-07 18:16:17.824 31821 31821 V ActivityScenario: Activity lifecycle changed event received but ignored because the intent does not match. startActivityIntent=Intent { act=android.intent.action.MAIN cat=[android.intent.category.LAUNCHER] flg=0x10008000 cmp=com.lbg.project/androidx.activity.ComponentActivity }, activity.getIntent()=Intent { act=android.intent.action.MAIN cat=[android.intent.category.LAUNCHER] flg=0x10000000 cmp=com.lbg.project/androidx.test.core.app.InstrumentationActivityInvoker$EmptyActivity }, activity=androidx.test.core.app.InstrumentationActivityInvoker$EmptyActivity@6fcf1ff
11-07 18:16:17.833 16649 16649 W Choreographer: Frame time is 3.047466 ms in the future!  Check that graphics HAL is generating vsync timestamps using the correct timebase.
11-07 18:16:17.859 31821 31846 D OpenGLRenderer: endAllActiveAnimators on 0x715105d576d0 (UnprojectedRipple) with handle 0x7151e5d58640
11-07 18:16:17.865 16649 16792 E OpenGLRenderer: Unable to match the desired swap behavior.
11-07 18:16:17.865 16647 16647 W Choreographer: Frame time is 4.380797 ms in the future!  Check that graphics HAL is generating vsync timestamps using the correct timebase.
11-07 18:16:17.872   529  1724 W AppSearchIcing: icing-search-engine.cc:283: Error: 5, Message: Document (com.google.android.googlequicksearchbox$OneSearchZeroStateGoogleSuggestions/default, zp) not found.
11-07 18:16:17.877 16647 16715 E OneSearchSuggestProvider: Failed to fetch suggestions from AppSearch, fallback to AGA
11-07 18:16:17.877 16647 16715 E OneSearchSuggestProvider: java.util.concurrent.CompletionException: java.util.NoSuchElementException: No value present
11-07 18:16:17.877 16647 16715 E OneSearchSuggestProvider: 	at java.util.concurrent.CompletableFuture.encodeThrowable(CompletableFuture.java:308)
11-07 18:16:17.877 16647 16715 E OneSearchSuggestProvider: 	at java.util.concurrent.CompletableFuture.completeThrowable(CompletableFuture.java:323)
11-07 18:16:17.877 16647 16715 E OneSearchSuggestProvider: 	at java.util.concurrent.CompletableFuture$UniAccept.tryFire(CompletableFuture.java:684)
11-07 18:16:17.877 16647 16715 E OneSearchSuggestProvider: 	at java.util.concurrent.CompletableFuture.postComplete(CompletableFuture.java:486)
11-07 18:16:17.877 16647 16715 E OneSearchSuggestProvider: 	at java.util.concurrent.CompletableFuture.completeExceptionally(CompletableFuture.java:2138)
11-07 18:16:17.877 16647 16715 E OneSearchSuggestProvider: 	at com.google.android.apps.nexuslauncher.allapps.H0.onResult(Unknown Source:59)
11-07 18:16:17.877 16647 16715 E OneSearchSuggestProvider: 	at android.app.appsearch.SearchSessionUtil$1.lambda$onResult$0(SearchSessionUtil.java:129)
11-07 18:16:17.877 16647 16715 E OneSearchSuggestProvider: 	at android.app.appsearch.SearchSessionUtil$1.$r8$lambda$_nlk9WiPjSfaAsqKYmp0aPvSRC0(SearchSessionUtil.java:1)
11-07 18:16:17.877 16647 16715 E OneSearchSuggestProvider: 	at android.app.appsearch.SearchSessionUtil$1$$ExternalSyntheticLambda0.run(R8$$SyntheticClass:13)
11-07 18:16:17.877 16647 16715 E OneSearchSuggestProvider: 	at android.os.Handler.handleCallback(Handler.java:958)
11-07 18:16:17.877 16647 16715 E OneSearchSuggestProvider: 	at android.os.Handler.dispatchMessage(Handler.java:99)
11-07 18:16:17.877 16647 16715 E OneSearchSuggestProvider: 	at android.os.Looper.loopOnce(Looper.java:205)
11-07 18:16:17.877 16647 16715 E OneSearchSuggestProvider: 	at android.os.Looper.loop(Looper.java:294)
11-07 18:16:17.877 16647 16715 E OneSearchSuggestProvider: 	at android.os.HandlerThread.run(HandlerThread.java:67)
11-07 18:16:17.877 16647 16715 E OneSearchSuggestProvider: Caused by: java.util.NoSuchElementException: No value present
11-07 18:16:17.877 16647 16715 E OneSearchSuggestProvider: 	at java.util.Optional.get(Optional.java:144)
11-07 18:16:17.877 16647 16715 E OneSearchSuggestProvider: 	at com.google.android.apps.nexuslauncher.allapps.H0.onResult(Unknown Source:16)
11-07 18:16:17.877 16647 16715 E OneSearchSuggestProvider: 	... 8 more
11-07 18:16:17.877 16647 16715 D OneSearchSuggestProvider: Established or reuse existing binder channel authority=com.google.android.googlequicksearchbox
11-07 18:16:17.883 16647 16681 E OpenGLRenderer: Unable to match the desired swap behavior.
11-07 18:16:17.881 16647 16687 D QuickstepModelDelegate: notifyAppTargetEvent action=1 launchLocation=workspace/0/[-1,-1]/[1,1]
11-07 18:16:17.886  1716  1996 I AiAiEcho: Predicting[0]:
11-07 18:16:17.887  1716  1996 I AiAiEcho: EchoTargets:
11-07 18:16:17.887  1716  1996 I AiAiEcho: Filtered by AiAi flag check:
11-07 18:16:17.887  1716  1996 I AiAiEcho: Ranked targets strategy: SORT, count: 0, ranking metadata:
11-07 18:16:17.905  1716  1996 I AiAiEcho: #postPredictionTargets: Sending updates to UISurface home with targets# 0 (types=[])
11-07 18:16:17.936  2940  2940 I GsaVoiceInteractionSrv: Handling ACTION_START_HOTWORD
11-07 18:16:17.937  2940  3285 I GsaVoiceInteractionSrv: disregardVoiceMatch: false
11-07 18:16:17.937  2940  3285 I GsaVoiceInteractionSrv: Cannot start hotword, hotword has been explicitly disabled.
11-07 18:16:17.963 16649 16649 W A       : Can't get WAA status for Mavatar!
11-07 18:16:17.963 16649 16649 W A       : java.lang.NullPointerException: Attempt to invoke virtual method 'java.lang.Class java.lang.Object.getClass()' on a null object reference
11-07 18:16:17.963 16649 16649 W A       : 	at com.google.apps.tiktok.dataservice.z.b(PG:1)
11-07 18:16:17.963 16649 16649 W A       : 	at com.google.apps.tiktok.dataservice.at.a(PG:1)
11-07 18:16:17.963 16649 16649 W A       : 	at com.google.apps.tiktok.tracing.ec.a(PG:2)
11-07 18:16:17.963 16649 16649 W A       : 	at com.google.common.util.concurrent.aj.a(PG:2)
11-07 18:16:17.963 16649 16649 W A       : 	at com.google.common.util.concurrent.ac.apply(PG:1)
11-07 18:16:17.963 16649 16649 W A       : 	at com.google.common.util.concurrent.h.e(PG:2)
11-07 18:16:17.963 16649 16649 W A       : 	at com.google.common.util.concurrent.j.run(PG:9)
11-07 18:16:17.963 16649 16649 W A       : 	at com.google.common.util.concurrent.bf.execute(PG:1)
11-07 18:16:17.963 16649 16649 W A       : 	at com.google.common.util.concurrent.d.i(PG:1)
11-07 18:16:17.963 16649 16649 W A       : 	at com.google.common.util.concurrent.d.l(PG:12)
11-07 18:16:17.963 16649 16649 W A       : 	at com.google.common.util.concurrent.d.n(PG:2)
11-07 18:16:17.963 16649 16649 W A       : 	at com.google.common.util.concurrent.i.f(PG:1)
11-07 18:16:17.963 16649 16649 W A       : 	at com.google.common.util.concurrent.j.run(PG:12)
11-07 18:16:17.963 16649 16649 W A       : 	at com.google.android.libraries.i.ae.run(PG:1)
11-07 18:16:17.963 16649 16649 W A       : 	at java.util.concurrent.ThreadPoolExecutor.runWorker(ThreadPoolExecutor.java:1145)
11-07 18:16:17.963 16649 16649 W A       : 	at java.util.concurrent.ThreadPoolExecutor$Worker.run(ThreadPoolExecutor.java:644)
11-07 18:16:17.963 16649 16649 W A       : 	at com.google.android.libraries.i.k.run(PG:2)
11-07 18:16:17.963 16649 16649 W A       : 	at com.google.android.libraries.i.p.run(PG:4)
11-07 18:16:17.963 16649 16649 W A       : 	at java.lang.Thread.run(Thread.java:1012)
11-07 18:16:17.966   880   898 W System  : A resource failed to call release.
11-07 18:16:17.966   880   898 W System  : A resource failed to call release.
11-07 18:16:17.967   880   898 W System  : A resource failed to call release.
11-07 18:16:17.967   880   898 W System  : A resource failed to call release.
11-07 18:16:17.967   880   898 W System  : A resource failed to call release.
11-07 18:16:17.967   880   898 W System  : A resource failed to call release.
11-07 18:16:17.967   880   898 W System  : A resource failed to call release.
11-07 18:16:17.967   880   898 W System  : A resource failed to call release.
11-07 18:16:17.967   880   898 W System  : A resource failed to call release.
11-07 18:16:17.967   880   898 W System  : A resource failed to call release.
11-07 18:16:17.967   880   898 W System  : A resource failed to call release.
11-07 18:16:17.967   880   898 W System  : A resource failed to call release.
11-07 18:16:17.967   880   898 W System  : A resource failed to call release.
11-07 18:16:17.967   880   898 W System  : A resource failed to call release.
11-07 18:16:17.977   880   898 W System  : A resource failed to call release.
11-07 18:16:17.977   880   898 W System  : A resource failed to call release.
11-07 18:16:17.977   880   898 W System  : A resource failed to call release.
11-07 18:16:17.977   880   898 W System  : A resource failed to call release.
11-07 18:16:17.977   880   898 W System  : A resource failed to call release.
11-07 18:16:17.977   880   898 W System  : A resource failed to call release.
11-07 18:16:17.998   529  1414 I ImeTracker: com.google.android.apps.nexuslauncher:7ee79127: onRequestHide at ORIGIN_SERVER_HIDE_INPUT reason HIDE_SAME_WINDOW_FOCUSED_WITHOUT_EDITOR
11-07 18:16:17.999   529  1414 I ImeTracker: com.google.android.apps.nexuslauncher:7ee79127: onCancelled at PHASE_SERVER_SHOULD_HIDE
11-07 18:16:18.000  8945  8945 I GoogleInputMethodService: GoogleInputMethodService.onFinishInput():3227
11-07 18:16:18.001  8945  8945 I GoogleInputMethodService: GoogleInputMethodService.updateDeviceLockedStatus():2087 repeatCheckTimes = 0, unlocked = true
11-07 18:16:18.002  8945  8945 I GoogleInputMethodService: GoogleInputMethodService.onStartInput():1877 onStartInput(EditorInfo{inputType=0x0(NULL) imeOptions=0x0 privateImeOptions=null actionName=UNSPECIFIED actionLabel=null actionId=0 initialSelStart=-1 initialSelEnd=-1 initialCapsMode=0x0 hintText=null label=null packageName=com.google.android.apps.nexuslauncher fieldId=0 fieldName=null extras=null}, false)
11-07 18:16:18.002  8945  8945 I GoogleInputMethodService: GoogleInputMethodService.shouldHideHeaderOnInitialState():4008 ShouldHideHeaderOnInitialState = false
11-07 18:16:18.002  8945  8945 I GoogleInputMethodService: GoogleInputMethodService.updateDeviceLockedStatus():2087 repeatCheckTimes = 2, unlocked = true
11-07 18:16:17.997 16647 16647 W Choreographer: Frame time is 5.714119 ms in the future!  Check that graphics HAL is generating vsync timestamps using the correct timebase.
11-07 18:16:18.007 16647 16659 W System  : A resource failed to call release.
11-07 18:16:18.007 16647 16659 W System  : A resource failed to call release.
11-07 18:16:18.007 16647 16659 W System  : A resource failed to call release.
11-07 18:16:18.008 16647 16659 W System  : A resource failed to call release.
11-07 18:16:18.009 16647 16659 W System  : A resource failed to call release.
11-07 18:16:17.997 16647 16647 W Choreographer: Frame time is 22.380783 ms in the future!  Check that graphics HAL is generating vsync timestamps using the correct timebase.
11-07 18:16:18.017 16647 16647 W Choreographer: Frame time is 19.04745 ms in the future!  Check that graphics HAL is generating vsync timestamps using the correct timebase.
11-07 18:16:18.040 16647 16647 D SearchTargetUtil:  query= size=15
11-07 18:16:18.041 16647 16647 D SearchTargetUtil: layoutType=extra_tall_icon_row resultType=131072 packageName=com.google.android.googlequicksearchbox extras=Bundle{bitmap_url=data:image/png;base64,iVBORw0KGgoAAAANSUhEUgAAAKgAAACoCAMAAABDlVWGAAABwlBMVEX///8oKWglYa4lXKclWKImUZkmR40mTJMnRYomVJ0AL4DXGSHa3ugAAFsnP4MoOHooM3QkJWbeGBsVPYipssuUn74gIWQdHmMXGGEAAFcAVakAKm0RE1/29/rQ0NsDBlxlZo1RU4AYKmoATqLCxdYAFmzIGyrVAAAMDl4XW6zr7/YXUqAARZeClr+0vtQTSJUAOYsLJHF0dZiYmbFiJVk2KGVCRHf/rgARMn1WZJalpr1/gJ6aIETmFxOzHTfPGiU0Nm+BI09XJlysHjuMIkpMd7gAR6RxkcSZrtJfhL3H0uVDZ6d0hbFmeKiztMXBGy9JJ2BwJFQAAE3NkDX+79ryqB8AMY8AH4E8V5UAC3K5WWvjVVenN1LmlJa2lqj1raz/5+XleXtHF1iPADKsbYH/0s5yDkn7wb+loKuSQ2RpYXvp492UVHGUaoW8p7a7tLdMQGLm0dbkPT2DbIyqABReCEtHAEjZYWZfQG1+ADWajZGATXDZtr6hin06AFHQcXtqVmHYyLiIal7jyafCq5V0VlSZf5eLYEBWO06pfEv/5bpAK1HPn2ClgWF2Tj/2x4PdtH/5v2WUYTHTjhCwdin+vE3D7KNTAAAYAElEQVR4nNWai1vbVpbAr4A0CZbAko0kY8myZPklY4NtLEB+YIMJxoANSeiQyWaStNvMa3cnk06S6W53ttNup206O9ls2v93z9XLD2zzCARyvg8syVf3/nRe99wrI3TeIp57jxckjQ+FdIy8bIKTiXircdkIJ5PM7MZlI5xImrfGZrcuG+JEkvlQOMfGkukPIO7TkTEgnb36pJvJMUyqXTbHMdKYNTnHxiJbVxqVvDXmyOzmZcOMlA9Fo+iD8dEPBzQza5n+ys+iadtHk83LJhklZDqZdKM+spW5bJ4h0tyIzLqcY9vbkVvJq1hCkxuzs2PprbGNLZt0M5PZuJW8clptRJJJv38smWx0jL+lkVu3rlgltTkLWJsQ8VvpjvWTkTTKRMauUqbamo000AYgzjbHuiU5RmqzVyinbiUjfpNzbIyM9JCORTJaZOyy+RxpzM42rBkp2cgkx/pIG5nIFfFTMO4mapqanCXT/aBjs+mNyNWI/a3kLKzlLZ9EG/2c2FHHroTxychsxpniN9BRTlOr/sumRLhcggLEUmQyjWYHk14BlYpJUKgd66C4IaCRy9/lac4mReS3+Gab4hDQ5OXu8oigpzReHFnVMgS9Nsz04B7a5VQoYrOxcauJJ6UMDnwLVBsKCk6qJTca79sDyAbUShFcHJPJWdLVaFIcCoofR8N14Jb/vc2ozfR4JJUcj+D1sAafYNFGahxLEmmR8SESwSV/A76ejWy/D8U2N4HSHBkPTI5NmABNm28E6PgsbqhtTIyPT6QumlVrjNmU4ymsz3QkZXI6fGOjQMcjW6B7v3M/sF5QcImZ7Vspd9QU5JvtVGTTGswFFUeAjk/c6ujeZN26gBUgmU6lJroGTcEYkYgzEOmAotkRoOOQ9ntUPhEZb5xvaGU2IqkBYyYd4zVd0L5mvZKC0E/2XYpsnpu3io1eZVqgIq7snCZuMKHtkaDYX/q7SkU2zsUDyHS/MqFvCAWca9yCOGM3aaRHgk5s4kwW6X/sicjYOxes5OYRzFQksuXH5tqaa+IJKtPYculSIy0/jlUO825jK9LXK3bWd8LErokf31UBpMDNpuWZzbltsrENQ4JjTFitJjqNJ3rvsw9TNo7Y3ExhVuv7CSu3nhmV3JoDhG5JzW1k7HzUnIHzSOrmxOkktZFu2nGu9nefSp0psw7C3CItdaSxIk+JaMvNVGRuO50xYbH796GeeiWg7RzF3MGYmn8jMkKRN83hUsc8Bbj5tplAtXTfMJHx04VVc6F/KFObon97bjBEas78Ynt7A4wLsuHobx5IUgMe7GZqbhvXUeIR1InTJKvM/M0emT+Eu5u7c32XgWPevJZKk6RVF4sfZ9wO5kgkauTu/NbOdmohBa16b742P7ebwRE71ztW+syg1xZmoJqYmOsZCHQFztZQNT9cn3d9S/vY3w0KkjazmLaVmtidX5ifv9bTydzNGREad/d8dtD5bQ3NzHdfAciJtN+Z+sT0fAdUPAK6M6eavPMwR2iZ9PZcr13m59KiuN116cygcw3U6O07tdPsLSXScyZdc3v70FaufzCo+Shko0ergDoDI3R6Px3oNVuuX2tmrrlnttxM29psWmqdmTOTtToHzef9bgc26IIJuuOC+rf7uoP+1aY7xik16ty129ye6+8XLs9tmzrd/bjZBZpZuLbdDbowAFTcme9/bCxzu+Th/DuAzu+kFwZ0i3tuWhA26Ixz5/ZcP2jDKo5s02tD+pufz+zOnxn0enp70OOPAj08AmqLAzqsw2tzaYv0LKC74HNd0n3SC7pggpJ+v//anB1Mw0B9Q/uc39m4fmpQ33WQlY+uDxWfDap2gaqTPt91nwWKO7B99Jr14bNBh/c5D4qB/6cHHSUDQfFd3aBWwE2GTghq414E6O7HPaC/mJyctEHx4aQFarnH5YKq1v6MDSpqoiguWJMUHIk+W6OXCrrQVeOo131u1KOFTklpgy7Ypl+5ENCPjpEu0PTkR4NBHR+1g2kXf4gLx/XsO19Q386MLSsw9I0V52zGt+sefpTG/w+tpoc3DvFH+viejwFV/V2yc2x3H/kcuYHPbrin3YfWf+fD/RwtN3a7QGYGrKJ2J30duXGJMtXB+MXAhcnOJG62PNkrLrPPvTR1o6+h3cY58fV0sNz5qr/pchfeoHEn1cHWn8GkIbJXLHzgnHEvrWDSZbXTxr8M3U6tWCczy+meDjKAc+iezZiky9Yoqkvqu6723ERq0HAYJ0LG5NTUjf49q8wyXJyamuxcn1kG0snu2lncgTtXrGP/5EzP/eTkDd9O9xnuzN4dmMQ9w9/kDuoTGGM4J0DBeJP9fqEd+qA3X8etVUCfmuwt8slDnwOa7QedWu5aruN7HVD4ypTlfiRxZXkqO4ITGLJTU30DgRxOufoyySe7QMmQNag66Wp0R1UzznaIGvIvd1sDrfiOgPr690hJn28qOpIToRA8cTTkPJitxV3f1LKV3awRpzqg5L17ZB/osm952RkGRwxozOxnx5pul49q1FGAYzRoMsru9tOAx1ig2uTkbgfUdAhy1zl3QSezR0CnOuP4TJBD8/jQbGj6jUWOQj2goXtR20VuHHWGAbLrc0CzPht0BfzBHCVkwWCtZG3Q7OSxoL6ieWwNrkWPgN5Adg/LLevIbTAadDrrgC7nbNDpaevO1rQ1QHZ62gV1NJrtgE67keCdnoYTKzzvGeYHXLF7g3vwybQDml224xh6Pwmo9wio7PVa1jOsDrQu0OgRUDx6N+i01UKLWr3lvP2gutU2k82eGdSymXY4bSPvRDW7JwfUFb8DahwBXbYfSXa/7wH1WtdRC84OV3IzLfXUoN6V1szKVBb3bKWssJ0Qdpf7QMUiNB4CaoMAlfkZOgJq36h6s9llEDze6UCj097ssqkTZ2DH94w+0Ix3eXooqP2Qxr175i0ifO+1OFqW6aedrjS1OGWPdwLQcBeoK1HLEbNZw9GKDar5DcNYyXqnh4B63WNSVa1bdLiIukG90x0sEb70ytP3TvCeLKzY9iWjXleiFhVFWb4qRr1OMFHZbNZsorigcNIBhXv7Bi0qXq8DavWu6B1SMutVcsdTHgVVskLWUYHYcuZC3QV1n2YoaLZvAIzX1RQLK3d9DUrInxZUiXrD+ZA4zfY/Y462vagLNDwY1NGPMx/jW6b7QL3ZrgEgLqUQOl7CiuCAKmFLbUcfsZUdDcrboGBl261FifZaLUTFW+0H9WbDn
11-07 18:16:18.042 16647 16647 D SearchTargetUtil: layoutType=short_icon_row resultType=131072 packageName=com.google.android.googlequicksearchbox extras=Bundle{suggestion_type=33,suggest_truncate_start=false,is_answer=false,is_entity=false,is_personal=false,suggest_raw_text=dr manish kumar capital tv,group_id=web7017184,response_id=2f00f912-4716-4be6-906a-f9ca732c762b,support_query_builder=false,} searchAction=dr manish kumar capital tv searchActionExtras=Bundle{learn_more_url=https://support.google.com/websearch/answer/106230?hl=106230,suggestion_action_text=Report this,should_start_for_result=true,allow_pinning=true,skip_logging_in_target_handler=false,suggestion_action_rpc=2,}ParentID: null targetID: 9df740bb-80c4-4fa6-902a-88321dd75b4a
11-07 18:16:18.042 16647 16647 D SearchTargetUtil: layoutType=short_icon_row resultType=131072 packageName=com.google.android.googlequicksearchbox extras=Bundle{suggestion_type=33,suggest_truncate_start=false,is_answer=false,is_entity=false,is_personal=false,suggest_raw_text=nagaland state lottery results,group_id=web7017184,response_id=2f00f912-4716-4be6-906a-f9ca732c762b,support_query_builder=false,} searchAction=nagaland state lottery results searchActionExtras=Bundle{learn_more_url=https://support.google.com/websearch/answer/106230?hl=106230,suggestion_action_text=Report this,should_start_for_result=true,allow_pinning=true,skip_logging_in_target_handler=false,suggestion_action_rpc=2,}ParentID: null targetID: d8ca896e-6f30-4f12-aa6a-f26294a2a986
11-07 18:16:18.043 16647 16647 D SearchTargetUtil: layoutType=short_icon_row resultType=131072 packageName=com.google.android.googlequicksearchbox extras=Bundle{suggestion_type=33,suggest_truncate_start=false,is_answer=false,is_entity=false,is_personal=false,suggest_raw_text=ap eamcet special round counselling 2023,group_id=web7017184,response_id=2f00f912-4716-4be6-906a-f9ca732c762b,support_query_builder=false,} searchAction=ap eamcet special round counselling 2023 searchActionExtras=Bundle{learn_more_url=https://support.google.com/websearch/answer/106230?hl=106230,suggestion_action_text=Report this,should_start_for_result=true,allow_pinning=true,skip_logging_in_target_handler=false,suggestion_action_rpc=2,}ParentID: null targetID: bb6c6458-4803-41c5-9a45-185ac9dddc11
11-07 18:16:18.043 16647 16647 D SearchTargetUtil: layoutType=short_icon_row resultType=131072 packageName=com.google.android.googlequicksearchbox extras=Bundle{suggestion_type=33,suggest_truncate_start=false,is_answer=false,is_entity=false,is_personal=false,suggest_raw_text=infant protection day,group_id=web7017184,response_id=2f00f912-4716-4be6-906a-f9ca732c762b,support_query_builder=false,} searchAction=infant protection day searchActionExtras=Bundle{learn_more_url=https://support.google.com/websearch/answer/106230?hl=106230,suggestion_action_text=Report this,should_start_for_result=true,allow_pinning=true,skip_logging_in_target_handler=false,suggestion_action_rpc=2,}ParentID: null targetID: 19ef49be-dda0-46e2-a864-18b6d9173d21
11-07 18:16:18.043 16647 16647 D SearchTargetUtil: layoutType=short_icon_row resultType=131072 packageName=com.google.android.googlequicksearchbox extras=Bundle{suggestion_type=33,suggest_truncate_start=false,is_answer=false,is_entity=false,is_personal=false,suggest_raw_text=samsung galaxy s24 ultra,group_id=web7017184,response_id=2f00f912-4716-4be6-906a-f9ca732c762b,support_query_builder=false,} searchAction=samsung galaxy s24 ultra searchActionExtras=Bundle{learn_more_url=https://support.google.com/websearch/answer/106230?hl=106230,suggestion_action_text=Report this,should_start_for_result=true,allow_pinning=true,skip_logging_in_target_handler=false,suggestion_action_rpc=2,}ParentID: null targetID: 27d1d554-fcaf-4e04-bd66-60fb8b5924b5
11-07 18:16:18.044 16647 16647 D SearchTargetUtil: layoutType=short_icon_row resultType=131072 packageName=com.google.android.googlequicksearchbox extras=Bundle{suggestion_type=33,suggest_truncate_start=false,is_answer=false,is_entity=false,is_personal=false,suggest_raw_text=mtd vs ovr player stats prediction,group_id=web7017184,response_id=2f00f912-4716-4be6-906a-f9ca732c762b,support_query_builder=false,} searchAction=mtd vs ovr player stats prediction searchActionExtras=Bundle{learn_more_url=https://support.google.com/websearch/answer/106230?hl=106230,suggestion_action_text=Report this,should_start_for_result=true,allow_pinning=true,skip_logging_in_target_handler=false,suggestion_action_rpc=2,}ParentID: null targetID: aba7833b-83d0-46d0-a5e8-dc2d50fc3d5c
11-07 18:16:18.044 16647 16647 D SearchTargetUtil: layoutType=short_icon_row resultType=131072 packageName=com.google.android.googlequicksearchbox extras=Bundle{suggestion_type=33,suggest_truncate_start=false,is_answer=false,is_entity=false,is_personal=false,suggest_raw_text=covid cases in india,group_id=web7017184,response_id=2f00f912-4716-4be6-906a-f9ca732c762b,support_query_builder=false,} searchAction=covid cases in india searchActionExtras=Bundle{learn_more_url=https://support.google.com/websearch/answer/106230?hl=106230,suggestion_action_text=Report this,should_start_for_result=true,allow_pinning=true,skip_logging_in_target_handler=false,suggestion_action_rpc=2,}ParentID: null targetID: 7bc6bb0e-aef3-44b9-b07d-6bbc96d2f1b4
11-07 18:16:18.044 16647 16647 D SearchTargetUtil: layoutType=short_icon_row resultType=131072 packageName=com.google.android.googlequicksearchbox extras=Bundle{suggestion_type=33,suggest_truncate_start=false,is_answer=false,is_entity=false,is_personal=false,suggest_raw_text=tata punch ev,group_id=web7017184,response_id=2f00f912-4716-4be6-906a-f9ca732c762b,support_query_builder=false,} searchAction=tata punch ev searchActionExtras=Bundle{learn_more_url=https://support.google.com/websearch/answer/106230?hl=106230,suggestion_action_text=Report this,should_start_for_result=true,allow_pinning=true,skip_logging_in_target_handler=false,suggestion_action_rpc=2,}ParentID: null targetID: 072fb839-3095-4aab-86d7-6d9cc9727a2c
11-07 18:16:18.044 16647 16647 D SearchTargetUtil: layoutType=short_icon_row resultType=131072 packageName=com.google.android.googlequicksearchbox extras=Bundle{suggestion_type=33,suggest_truncate_start=false,is_answer=false,is_entity=false,is_personal=false,suggest_raw_text=emrs admit card,group_id=web7017184,response_id=2f00f912-4716-4be6-906a-f9ca732c762b,support_query_builder=false,} searchAction=emrs admit card searchActionExtras=Bundle{learn_more_url=https://support.google.com/websearch/answer/106230?hl=106230,suggestion_action_text=Report this,should_start_for_result=true,allow_pinning=true,skip_logging_in_target_handler=false,suggestion_action_rpc=2,}ParentID: null targetID: 9580974e-fdfe-4c70-b5a7-ea65a31ea294
11-07 18:16:18.044 16647 16647 D SearchTargetUtil: layoutType=short_icon_row resultType=131072 packageName=com.google.android.googlequicksearchbox extras=Bundle{suggestion_type=33,suggest_truncate_start=false,is_answer=false,is_entity=false,is_personal=false,suggest_raw_text=vim pure dishwash quiz answers,group_id=web7017184,response_id=2f00f912-4716-4be6-906a-f9ca732c762b,support_query_builder=false,} searchAction=vim pure dishwash quiz answers searchActionExtras=Bundle{learn_more_url=https://support.google.com/websearch/answer/106230?hl=106230,suggestion_action_text=Report this,should_start_for_result=true,allow_pinning=true,skip_logging_in_target_handler=false,suggestion_action_rpc=2,}ParentID: null targetID: 1f8f0ad7-266f-4f3f-a0be-f05b1b38376e
11-07 18:16:18.044 16647 16647 D SearchTargetUtil: layoutType=short_icon_row resultType=131072 packageName=com.google.android.googlequicksearchbox extras=Bundle{suggestion_type=33,suggest_truncate_start=false,is_answer=false,is_entity=false,is_personal=false,suggest_raw_text=india vs south africa world cup cricket,group_id=web7017184,response_id=2f00f912-4716-4be6-906a-f9ca732c762b,support_query_builder=false,} searchAction=india vs south africa world cup cricket searchActionExtras=Bundle{learn_more_url=https://support.google.com/websearch/answer/106230?hl=106230,suggestion_action_text=Report this,should_start_for_result=true,allow_pinning=true,skip_logging_in_target_handler=false,suggestion_action_rpc=2,}ParentID: null targetID: 16025fa8-adc8-4f46-ac80-bed45965c159
11-07 18:16:18.044 16647 16647 D SearchTargetUtil: layoutType=short_icon_row resultType=131072 packageName=com.google.android.googlequicksearchbox extras=Bundle{suggestion_type=33,suggest_truncate_start=false,is_answer=false,is_entity=false,is_personal=false,suggest_raw_text=attack on titan anime ending explained,group_id=web7017184,response_id=2f00f912-4716-4be6-906a-f9ca732c762b,support_query_builder=false,} searchAction=attack on titan anime ending explained searchActionExtras=Bundle{learn_more_url=https://support.google.com/websearch/answer/106230?hl=106230,suggestion_action_text=Report this,should_start_for_result=true,allow_pinning=true,skip_logging_in_target_handler=false,suggestion_action_rpc=2,}ParentID: null targetID: c96c63ea-859f-4f43-9a4b-96b03637f793
11-07 18:16:18.044 16647 16647 D SearchTargetUtil: layoutType=short_icon_row resultType=131072 packageName=com.google.android.googlequicksearchbox extras=Bundle{suggestion_type=33,suggest_truncate_start=false,is_answer=false,is_entity=false,is_personal=false,suggest_raw_text=rbi assistant admit card,group_id=web7017184,response_id=2f00f912-4716-4be6-906a-f9ca732c762b,support_query_builder=false,} searchAction=rbi assistant admit card searchActionExtras=Bundle{learn_more_url=https://support.google.com/websearch/answer/106230?hl=106230,suggestion_action_text=Report this,should_start_for_result=true,allow_pinning=true,skip_logging_in_target_handler=false,suggestion_action_rpc=2,}ParentID: null targetID: c2ca2910-0104-4d92-a974-9d476ee8079f
11-07 18:16:18.045 16647 16647 D SearchTargetUtil: layoutType=extra_tall_icon_row resultType=131072 packageName=com.google.android.googlequicksearchbox extras=Bundle{bitmap_url=data:image/jpeg;base64,/9j/4AAQSkZJRgABAQAAAQABAAD/2wCEAAkGBwgHBgkIBwgKCgkLDRYPDQwMDRsUFRAWIB0iIiAdHx8kKDQsJCYxJx8fLT0tMTU3Ojo6Iys/RD84QzQ5OjcBCgoKDQwNGg8PGjclHyU3Nzc3Nzc3Nzc3Nzc3Nzc3Nzc3Nzc3Nzc3Nzc3Nzc3Nzc3Nzc3Nzc3Nzc3Nzc3Nzc3N//AABEIAKgAqAMBIgACEQEDEQH/xAAbAAACAwEBAQAAAAAAAAAAAAAEBQADBgcBAv/EAEMQAAEDAgQDBgMECAUCBwAAAAECAxEABAUSITETQVEGImFxgaEUMpEjQrHwBzNSYpLB0eEkU3KC8bLiFTQ1Q5Oiwv/EABkBAAIDAQAAAAAAAAAAAAAAAAIDAAEEBf/EACIRAAICAgIDAQEBAQAAAAAAAAABAhEDIRIxBCJBE1FhMv/aAAwDAQACEQMRAD8ADRcO/wCe6fJRr4XdPf5zv8RrxJ12+tUunwFWci2UXF1cCYfe/wDkNUN3lxmH+Iej/Wf61LnTlQyDrtUGLof2ly8UiXnf4zRgecieM5/GaVWahAkE+tMEmRrIqCnYQXnSP1q/4zXnGe/zl+HfNfKYywSa+FKQ2kqWYAEkxUJs9dunGmytdwtKRuSs0jve07luooZcdUfEn+tKMZxdy7fUhpeRtOgAGqqVhBWgqPzDeqs3YvG1chnd9qcUeUnJcONgGYQoifOjbTtbewEvNqc01IdINZtbakDbWa+QpaDE1Vj3hhXRsxj6LmEpfebX0Wsj3mim7l8kS+7/ABmsew6FABSp8CKZWd6u1KRqtr9k7jyorM+TxvsTXMPPR+uWf95q4vPf5jn8RoOxdbuGUuNnMk86Kj9k1DE7R4t13X7VwADfMaGdeeyOf4hycn7Z60Q4CUyQKodAyqEbtq/CpYNuwNi5uM4HxDu/NZpol9/m45r++dKTNkhYO21ONiDM1YTbLEuvRHFcP+41K+U5iN4qVRVgBzZulDOE9aKO+4oV7flULQDcT1oVBM0Tcb70IkwuoPitDayUdNfamaFHkQaT2SoNNkSR/eoJl2XAkzoKRdoLwBHw7Y1PzEcx0/PSnalZEKUdYFZHEHs1wt2QVTCRUNHi4+UrfwUOkhSs41naibW3uHpDegVE1ZaWa728Q00gqcWYjrXScH7Mos0AvALXH0pUpUdXHDmzC2/Z+6d+Yr1qXHZ24junXoreunpsUp0CY8hX2bJBjujSlfozT+EDiz1m9auQ62pJBooEKZCo1A3611a+7PMX1upLjUiDBG9c8xvB3MKcU04CQflV1psJ2Z8mLj0B4LivwVwJP2Kv1if51t0qQ4hK0GUqEgjnXMHPm13HvWs7IYkXGVWTh7yO83PTmKYjm+Vitc0aFxJCTBqp4HQGJyK3HhVzgSUxBr4eH2jaQdwoe1WYBSqYBG0U3R3kJVvoDSpUKQ2TrpTSzJVboOggRVlstHidDUqBMGvaooXqgGBP0oJ86nQ0evkRBoO48BUCQtuPI0JPfou48qDVoRpVGiAfZqE01bUkpGtJ7UwRpTRpXdmdfOrFT7K8UuODaEJIzL0E1mBL7piIHM6a00xt88cJOyQAaW2CuLxlJAlKdNdSSY/rVM6Pjw4wR0XsFgaWrP41SftHflPQVriOHAjwquwZVY4fbWrSCp0NhOUHUmNd6X4qrGWFHgLsUH9leZRHrSJKzox0qGCgVGfwqxHDC0oUpPEjNlkTHWKzlheY2bkfFfCrZkSUCI9N6ZN4Ow/jQxhxTqXm09xuRE5cu+/pQcaY1NSW9D4qhqMois9j+GM4laLZdSdRKVc0nrVF/i+Ml7Iw3asNpJ1cOYq9xVjTmLOJKnHbFX7iJAV68qNq+mKTrVHIccw64w28UxcJ8UqA0UOtC4ddrs71t9s6pM6cxXR+2Fk1f4Q+4tBQ7bydRqmNT7GuXahXiKZF2jNlglr4zqiHEustuJgpWAQa8eA4jM6ake1LOyr5uMKbGaS3oQDTR0d9r/WKYcKa4yaFYALSdNiKYYeczSk9FaetBoGikgbzRNmQlatZ2/PtVkYZz0FeV6QSegqUIIEoEgb0FcpMkz70aQMo1HqZoK5AB3FWGhbcDf8ArQLm9H3Ea60A5HWqNEAm3mRTRonJry8KU2+41o9KwllSp2BqwJK3QuXZ3WL3i2LQIkS4tbiwhKUyBqT4kAdSanZGxKu0tpbvo1RcgKSoc0HMR9U0Rgg47WMWm61WwfTP3uEsKUP4So+la5vDLS07eum3SRN0p8En9tJzD6mlSlujtQx6TRuQ6lhK1pOVzYHfSue9q7i/umXLgt3TTgdCUMLaKy6knVUjupA5CdfDeugXCFfDhSEkqpJcLuXzw3BAHM0HJJUzRwcujNN/GWLDPwvFuPiG8q2y0UFCiNNJPPmD1862ykvIbCVEFwt6kaSaFw/gM3bbLgPEUkqRpJMRr7j60wftLhThUpUGNpGlDJ2Wo1qzmfaC2vS68hHxBzd5oJAOdUj5tZiJjSrmLfHbRplzhXCnJGZK8vdTA1Cp11nSOlbl+3auEFLzSVqB2I1nqKqabIISEykbd46fWpyXGi/zuV2LMSAuMFuQ4mFqtlpPj3TXG1MOhHHyK4RcLeflm3j6V27GGcti+UD/ANtQAjqCK5viGEu4ZhV82/qXrtpKR0yoWon/AOyfrRY+hOeOyzsQuF3FuT0UPz9K01xIyEGQFj8ax3ZlfAxRgknvS2fUafhWwuwAgH98H3p5wvKjWQByK4q5Oyj+NE2ccVcD7oqtaYddP76p+tW4cSS6QBqqKIQ+gwiRUqVKoECypAiDpQl3oTI0o1U6d33oS6BA02qBim48qBXudKPfnX+lALnMdao0Q6LGaKWqLRUAzFBtkhJol1eW11HjVhQjc0KGL1zDb+0vmhmUw5my/tj7yfUEj1rrbdnmxW1xWyuEO2l02jcalPdKVeO4+tcgukjhEHcEcvKtb2Q7bKsrK0wW5tErQH0JbuSuChsuAkERy5Hp5Umcb2dbHPjo7HbltbZQvcilF42lBmNjThLGdM7EdKAxJmGgpQkA97ypb2jRB0wJmwU5dG9aUptzgcGRPykzPgapTaut26bJV3cOK1+2dUCsz4xyq9jFbg2SQmwdbkTnWpPeHIgT7aUsdv7pToUEEqO5yjT3ii4hxhKWxg3ZuIa4anXFqTqhS9T6mimlNlsZkwvnSpOL3iVhCrRxyN1oI7o8RNMGkKW3xFHVQnzoH69FNNOmAYwAq3U2N1EJ08TWC7dXyV44bEFJDLYLkb8RYB1/2hAra9o8Rt8Esk3l2HFtpcTIbAKieUT5VxzEr9WIYrc36k8MvPFYSD8oJ0E+AgUeP+iM0vgbZnhXCVJ+6sKHpW4u44M8iR+NYJhZS5BnLAIPr/at04SqwQTr3U0843mL2R8pA4jog/rDvXzhqvtXUq56irESX3YH3p9hVNl3LvT70iiMYx3EgfWpXpmDpFSqKBTmKdjQd2k/SjFDSCaDuSB/xUCQpuB+Zpe4BNMbj86UvdAzVDRjZECEgVY/olAB3mfz6VUn5vKrHhKUneEztvUNGFe4uudeIKBQZURzg6imLyO4qd8x9ppa2IuNdoI9qFms792C7StY9gbTqlj4xkBu5RzCo+byO/1HKnty0H+4dRXI/wBDrqUYxiFqVQX7dK0/7FEf/uupuuuMkZtR1pL0zTDas+Hc1uhbSky2dBImk4SlT0cJI13Apq/iaAyUOxrsSKU/+JttLlOSfGhctjoppBQSAcqRAPhFWhYHgKWKxRtw/PmUf2RMUD2ixN+xwO6u24ayNnhlQklWw084quy3pWZH9KOMIuLhjDGVSGVcR6D94iEj6En1FYZOsV66tbqy46tS3FqKlKVqSTua8ToR0p6V
11-07 18:16:18.065   529  1414 D WifiNl80211Manager: Scan result ready event
11-07 18:16:18.065   529  1414 D WifiNative: Scan result ready event
11-07 18:16:18.066   529   803 D WificondScannerImpl: Filtering out 1 scan results.
11-07 18:16:18.248   423   637 W VsyncModulator: setTransactionSchedule: Unexpected EarlyEnd
11-07 18:16:18.617 31821 31821 D LifecycleMonitor: Lifecycle status change: androidx.activity.ComponentActivity@a0bbaf3 in: STOPPED
11-07 18:16:18.617 31821 31821 V ActivityScenario: Update currentActivityStage to STOPPED, currentActivity=androidx.activity.ComponentActivity@a0bbaf3
11-07 18:16:18.622 31821 31821 D LifecycleMonitor: Lifecycle status change: androidx.activity.ComponentActivity@a0bbaf3 in: DESTROYED
11-07 18:16:18.622 31821 31821 V ActivityScenario: Update currentActivityStage to DESTROYED, currentActivity=null
11-07 18:16:18.625 31821 31821 W WindowOnBackDispatcher: sendCancelIfRunning: isInProgress=falsecallback=android.view.ViewRootImpl$$ExternalSyntheticLambda17@f621d47
11-07 18:16:18.629   529   867 W InputManager-JNI: Input channel object 'e2fb349 com.lbg.project/androidx.activity.ComponentActivity (client)' was disposed without first being removed with the input manager!
11-07 18:16:18.634 31821 31821 D LifecycleMonitor: Lifecycle status change: androidx.test.core.app.InstrumentationActivityInvoker$EmptyActivity@6fcf1ff in: STOPPED
11-07 18:16:18.636 31821 31821 D LifecycleMonitor: Lifecycle status change: androidx.test.core.app.InstrumentationActivityInvoker$EmptyActivity@6fcf1ff in: DESTROYED
11-07 18:16:18.637 31821 31821 W WindowOnBackDispatcher: sendCancelIfRunning: isInProgress=falsecallback=android.view.ViewRootImpl$$ExternalSyntheticLambda17@7f79acd
11-07 18:16:18.640   529   867 W InputManager-JNI: Input channel object 'a4f7547 com.lbg.project/androidx.test.core.app.InstrumentationActivityInvoker$EmptyActivity (client)' was disposed without first being removed with the input manager!
11-07 18:16:18.647 31821 31844 D IdlingRegistry: Unregistering idling resources: [androidx.compose.ui.test.junit4.EspressoLink@e90545f]
11-07 18:16:18.652 31821 31844 I TestRunner: finished: testFavoriteButtonToggle(com.lbg.project.view.CatFullScreenKtTest)
